function #default_function_name_001_#
function #default_function_name_002_#
function #default_function_name_003_#
function #default_function_name_004_#
[function #default_function_name_005_#, function #default_function_name_005_#, function #default_function_name_005_#, function #default_function_name_005_#, function #default_function_name_005_#]
function foo_
function bar_
